gcc -g p4original.c
 gdb a.out
GNU gdb (Ubuntu 8.1.1-0ubuntu1) 8.1.1
Copyright (C) 2018 Free Software Foundation, Inc.
License GPLv3+: GNU GPL version 3 or later <http://gnu.org/licenses/gpl.html>
This is free software: you are free to change and redistribute it.
There is NO WARRANTY, to the extent permitted by law.  Type "show copying"
and "show warranty" for details.
This GDB was configured as "x86_64-linux-gnu".
Type "show configuration" for configuration details.
For bug reporting instructions, please see:
<http://www.gnu.org/software/gdb/bugs/>.
Find the GDB manual and other documentation resources online at:
<http://www.gnu.org/software/gdb/documentation/>.
For help, type "help".
Type "apropos word" to search for commands related to "word"...
Reading symbols from a.out...done.
(gdb) b main
Breakpoint 1 at 0x83b: file p4original.c, line 36.
(gdb) r
Starting program: /home/runner/test1-Maniiishaaaaaa-4/a.out 
warning: Error disabling address space randomization: Operation not permitted

Breakpoint 1, main () at p4original.c:36

Program received signal SIGHUP, Hangup.
 
 gdb a.out
GNU gdb (Ubuntu 8.1.1-0ubuntu1) 8.1.1
Copyright (C) 2018 Free Software Foundation, Inc.
License GPLv3+: GNU GPL version 3 or later <http://gnu.org/licenses/gpl.html>
This is free software: you are free to change and redistribute it.
There is NO WARRANTY, to the extent permitted by law.  Type "show copying"
and "show warranty" for details.
This GDB was configured as "x86_64-linux-gnu".
Type "show configuration" for configuration details.
For bug reporting instructions, please see:
<http://www.gnu.org/software/gdb/bugs/>.
Find the GDB manual and other documentation resources online at:
<http://www.gnu.org/software/gdb/documentation/>.
For help, type "help".
Type "apropos word" to search for commands related to "word"...
Reading symbols from a.out...done.
(gdb) b main
Breakpoint 1 at 0x83b: file p4original.c, line 36.
(gdb) r
Starting program: /home/runner/test1-Maniiishaaaaaa-4/a.out 
warning: Error disabling address space randomization: Operation not permitted

Breakpoint 1, main () at p4original.c:36
36    p=input();
(gdb) s
input () at p4original.c:4
4   {
(gdb) n
6     printf("enter three numbers\n");
(gdb) n
enter three numbers
7     scanf("%d%d%d",&a,&b,&c);
(gdb) n
n
8     return a,b,c;
(gdb) n
9   }
(gdb) n
main () at p4original.c:37
37    q=input();
(gdb) s
input () at p4original.c:4
4   {
(gdb) n
6     printf("enter three numbers\n");
(gdb) n
enter three numbers
7     scanf("%d%d%d",&a,&b,&c);
(gdb) n
8     return a,b,c;
(gdb) n
9   }
(gdb) n
main () at p4original.c:38
38    r=input();
(gdb) s
input () at p4original.c:4
4   {
(gdb) n
6     printf("enter three numbers\n");
(gdb) n
enter three numbers
7     scanf("%d%d%d",&a,&b,&c);
(gdb) n
8     return a,b,c;
(gdb) n
9   }
(gdb) n
main () at p4original.c:39
39    s=calc(p,q,r);
(gdb) s
calc (m=32573, n=32573, o=32573) at p4original.c:13
 
 gdb a.out
GNU gdb (Ubuntu 8.1.1-0ubuntu1) 8.1.1
Copyright (C) 2018 Free Software Foundation, Inc.
License GPLv3+: GNU GPL version 3 or later <http://gnu.org/licenses/gpl.html>
This is free software: you are free to change and redistribute it.
There is NO WARRANTY, to the extent permitted by law.  Type "show copying"
and "show warranty" for details.
This GDB was configured as "x86_64-linux-gnu".
Type "show configuration" for configuration details.
For bug reporting instructions, please see:
<http://www.gnu.org/software/gdb/bugs/>.
Find the GDB manual and other documentation resources online at:
<http://www.gnu.org/software/gdb/documentation/>.
For help, type "help".
Type "apropos word" to search for commands related to "word"...
Reading symbols from a.out...done.
(gdb)  b main
Breakpoint 1 at 0x83b: file p4original.c, line 36.
(gdb) r
Starting program: /home/runner/test1-Maniiishaaaaaa-4/a.out 
warning: Error disabling address space randomization: Operation not permitted

Breakpoint 1, main () at p4original.c:36
36    p=input();
(gdb) s
input () at p4original.c:4
4   {
(gdb) n
6     printf("enter three numbers\n");
(gdb) n
enter three numbers
7     scanf("%d%d%d",&a,&b,&c);
(gdb) n
2
n
8     return a,b,c;
(gdb) n
9   }
(gdb) n
main () at p4original.c:37
37    q=input();
(gdb) s
input () at p4original.c:4
4   {
(gdb) n
6     printf("enter three numbers\n");
(gdb) n
enter three numbers
7     scanf("%d%d%d",&a,&b,&c);
(gdb) n
8     return a,b,c;
(gdb) n
9   }
(gdb) n
main () at p4original.c:38
38    r=input();
(gdb) s
input () at p4original.c:4
4   {
(gdb) n
6     printf("enter three numbers\n");
(gdb) n
enter three numbers
7     scanf("%d%d%d",&a,&b,&c);
(gdb) n
8     return a,b,c;
(gdb) n
9   }
(gdb) n
main () at p4original.c:39
39    s=calc(p,q,r);
(gdb) s
calc (m=32691, n=32691, o=32691) at p4original.c:13
 
 gcc -g p5original.c
 gdb a.out
GNU gdb (Ubuntu 8.1.1-0ubuntu1) 8.1.1
Copyright (C) 2018 Free Software Foundation, Inc.
License GPLv3+: GNU GPL version 3 or later <http://gnu.org/licenses/gpl.html>
This is free software: you are free to change and redistribute it.
There is NO WARRANTY, to the extent permitted by law.  Type "show copying"
and "show warranty" for details.
This GDB was configured as "x86_64-linux-gnu".
Type "show configuration" for configuration details.
For bug reporting instructions, please see:
<http://www.gnu.org/software/gdb/bugs/>.
Find the GDB manual and other documentation resources online at:
<http://www.gnu.org/software/gdb/documentation/>.
For help, type "help".
Type "apropos word" to search for commands related to "word"...
Reading symbols from a.out...done.
(gdb) b main
Breakpoint 1 at 0x722: file p5original.c, line 3.
(gdb) r
Starting program: /home/runner/test1-Maniiishaaaaaa-4/a.out 
warning: Error disabling address space randomization: Operation not permitted

Breakpoint 1, main () at p5original.c:3
3   {
(gdb) n
5     printf("enter the value of a,b,c");
(gdb) n
6     scanf("%d%d%d", &a,&b,&c);
(gdb) n
enter the value of a,b,c 
1
2
3
7     if(a>b)
(gdb) n
11    else if (b>a && b>c)
(gdb) n
15    else if(c>a && c>b)
(gdb) n
17      big =c;
(gdb) n
19    printf("the biggest number = %d",big);
(gdb) n
20  }(gdb) 